
> ewtcs@0.1.0 build
> node -e "try{require('fs').rmSync('.next',{recursive:true,force:true})}catch(e){}" && next build

   ▲ Next.js 15.5.12
   - Environments: .env.local, .env.production

   Creating an optimized production build ...
getaddrinfo ENOTFOUND fonts.googleapis.com

Retrying 1/3...
getaddrinfo ENOTFOUND fonts.googleapis.com

Retrying 1/3...
 ✓ Compiled successfully in 39.3s
   Linting and checking validity of types ...

./src/features/bed-dashboard/components/BedCard.tsx
34:48  Warning: 'onMarkClean' is defined but never used.  @typescript-eslint/no-unused-vars
35:3  Warning: 'isMarkCleanUpdating' is assigned a value but never used.  @typescript-eslint/no-unused-vars

./src/features/bed-dashboard/components/SupervisorBedOverview.tsx
43:3  Warning: Unused eslint-disable directive (no problems were reported from 'react-hooks/exhaustive-deps').

info  - Need to disable some ESLint rules? Learn more here: https://nextjs.org/docs/app/api-reference/config/eslint#disabling-rules
   Collecting page data ...
{"timestamp":"2026-02-20T09:55:17.519Z","level":"INFO","message":"Starting system initialization..."}
{"timestamp":"2026-02-20T09:55:17.523Z","level":"INFO","message":"Environment configuration loaded successfully","context":{"environment":"production","appUrl":"http://localhost:3000","databaseUrl":"pos**********************************************tcs","sslEnabled":false,"databaseEncrypted":false,"aiKeyConfigured":false,"aiKeyEncrypted":false,"alertThreshold":"10800000ms (3.0 hours)"}}
{"timestamp":"2026-02-20T09:55:18.080Z","level":"INFO","message":"Starting system initialization..."}
{"timestamp":"2026-02-20T09:55:18.085Z","level":"INFO","message":"Environment configuration loaded successfully","context":{"environment":"production","appUrl":"http://localhost:3000","databaseUrl":"pos**********************************************tcs","sslEnabled":false,"databaseEncrypted":false,"aiKeyConfigured":false,"aiKeyEncrypted":false,"alertThreshold":"10800000ms (3.0 hours)"}}
{"timestamp":"2026-02-20T09:55:18.296Z","level":"INFO","message":"Starting system initialization..."}
{"timestamp":"2026-02-20T09:55:18.300Z","level":"INFO","message":"Environment configuration loaded successfully","context":{"environment":"production","appUrl":"http://localhost:3000","databaseUrl":"pos**********************************************tcs","sslEnabled":false,"databaseEncrypted":false,"aiKeyConfigured":false,"aiKeyEncrypted":false,"alertThreshold":"10800000ms (3.0 hours)"}}
{"timestamp":"2026-02-20T09:55:18.309Z","level":"DEBUG","message":"New client connected to database pool"}
{"timestamp":"2026-02-20T09:55:18.314Z","level":"INFO","message":"Database connectivity test passed"}
{"timestamp":"2026-02-20T09:55:18.315Z","level":"INFO","message":"System initialization completed successfully","context":{"status":"healthy","checks":{"config":true,"environment":true,"database":true}}}
{"timestamp":"2026-02-20T09:55:18.374Z","level":"INFO","message":"Starting system initialization..."}
{"timestamp":"2026-02-20T09:55:18.377Z","level":"INFO","message":"Environment configuration loaded successfully","context":{"environment":"production","appUrl":"http://localhost:3000","databaseUrl":"pos**********************************************tcs","sslEnabled":false,"databaseEncrypted":false,"aiKeyConfigured":false,"aiKeyEncrypted":false,"alertThreshold":"10800000ms (3.0 hours)"}}
{"timestamp":"2026-02-20T09:55:18.411Z","level":"DEBUG","message":"New client connected to database pool"}
{"timestamp":"2026-02-20T09:55:18.416Z","level":"INFO","message":"Database connectivity test passed"}
{"timestamp":"2026-02-20T09:55:18.416Z","level":"INFO","message":"System initialization completed successfully","context":{"status":"healthy","checks":{"config":true,"environment":true,"database":true}}}
{"timestamp":"2026-02-20T09:55:18.437Z","level":"INFO","message":"Starting system initialization..."}
{"timestamp":"2026-02-20T09:55:18.440Z","level":"INFO","message":"Environment configuration loaded successfully","context":{"environment":"production","appUrl":"http://localhost:3000","databaseUrl":"pos**********************************************tcs","sslEnabled":false,"databaseEncrypted":false,"aiKeyConfigured":false,"aiKeyEncrypted":false,"alertThreshold":"10800000ms (3.0 hours)"}}
{"timestamp":"2026-02-20T09:55:18.539Z","level":"INFO","message":"Starting system initialization..."}
{"timestamp":"2026-02-20T09:55:18.543Z","level":"INFO","message":"Environment configuration loaded successfully","context":{"environment":"production","appUrl":"http://localhost:3000","databaseUrl":"pos**********************************************tcs","sslEnabled":false,"databaseEncrypted":false,"aiKeyConfigured":false,"aiKeyEncrypted":false,"alertThreshold":"10800000ms (3.0 hours)"}}
{"timestamp":"2026-02-20T09:55:18.544Z","level":"INFO","message":"Starting system initialization..."}
{"timestamp":"2026-02-20T09:55:18.544Z","level":"INFO","message":"Starting system initialization..."}
{"timestamp":"2026-02-20T09:55:18.550Z","level":"INFO","message":"Environment configuration loaded successfully","context":{"environment":"production","appUrl":"http://localhost:3000","databaseUrl":"pos**********************************************tcs","sslEnabled":false,"databaseEncrypted":false,"aiKeyConfigured":false,"aiKeyEncrypted":false,"alertThreshold":"10800000ms (3.0 hours)"}}
{"timestamp":"2026-02-20T09:55:18.551Z","level":"INFO","message":"Environment configuration loaded successfully","context":{"environment":"production","appUrl":"http://localhost:3000","databaseUrl":"pos**********************************************tcs","sslEnabled":false,"databaseEncrypted":false,"aiKeyConfigured":false,"aiKeyEncrypted":false,"alertThreshold":"10800000ms (3.0 hours)"}}
{"timestamp":"2026-02-20T09:55:18.593Z","level":"INFO","message":"Starting system initialization..."}
{"timestamp":"2026-02-20T09:55:18.601Z","level":"INFO","message":"Environment configuration loaded successfully","context":{"environment":"production","appUrl":"http://localhost:3000","databaseUrl":"pos**********************************************tcs","sslEnabled":false,"databaseEncrypted":false,"aiKeyConfigured":false,"aiKeyEncrypted":false,"alertThreshold":"10800000ms (3.0 hours)"}}
{"timestamp":"2026-02-20T09:55:18.614Z","level":"DEBUG","message":"New client connected to database pool"}
{"timestamp":"2026-02-20T09:55:18.620Z","level":"INFO","message":"Database connectivity test passed"}
{"timestamp":"2026-02-20T09:55:18.621Z","level":"INFO","message":"System initialization completed successfully","context":{"status":"healthy","checks":{"config":true,"environment":true,"database":true}}}
{"timestamp":"2026-02-20T09:55:18.749Z","level":"DEBUG","message":"New client connected to database pool"}
{"timestamp":"2026-02-20T09:55:18.757Z","level":"INFO","message":"Database connectivity test passed"}
{"timestamp":"2026-02-20T09:55:18.758Z","level":"INFO","message":"System initialization completed successfully","context":{"status":"healthy","checks":{"config":true,"environment":true,"database":true}}}
{"timestamp":"2026-02-20T09:55:18.786Z","level":"INFO","message":"Starting system initialization..."}
{"timestamp":"2026-02-20T09:55:18.793Z","level":"INFO","message":"Environment configuration loaded successfully","context":{"environment":"production","appUrl":"http://localhost:3000","databaseUrl":"pos**********************************************tcs","sslEnabled":false,"databaseEncrypted":false,"aiKeyConfigured":false,"aiKeyEncrypted":false,"alertThreshold":"10800000ms (3.0 hours)"}}
{"timestamp":"2026-02-20T09:55:18.877Z","level":"DEBUG","message":"New client connected to database pool"}
{"timestamp":"2026-02-20T09:55:18.883Z","level":"INFO","message":"Database connectivity test passed"}
{"timestamp":"2026-02-20T09:55:18.883Z","level":"INFO","message":"System initialization completed successfully","context":{"status":"healthy","checks":{"config":true,"environment":true,"database":true}}}
{"timestamp":"2026-02-20T09:55:18.998Z","level":"DEBUG","message":"New client connected to database pool"}
{"timestamp":"2026-02-20T09:55:19.004Z","level":"INFO","message":"Database connectivity test passed"}
{"timestamp":"2026-02-20T09:55:19.004Z","level":"INFO","message":"System initialization completed successfully","context":{"status":"healthy","checks":{"config":true,"environment":true,"database":true}}}
{"timestamp":"2026-02-20T09:55:19.126Z","level":"DEBUG","message":"New client connected to database pool"}
{"timestamp":"2026-02-20T09:55:19.133Z","level":"INFO","message":"Database connectivity test passed"}
{"timestamp":"2026-02-20T09:55:19.134Z","level":"INFO","message":"System initialization completed successfully","context":{"status":"healthy","checks":{"config":true,"environment":true,"database":true}}}
{"timestamp":"2026-02-20T09:55:19.251Z","level":"DEBUG","message":"New client connected to database pool"}
{"timestamp":"2026-02-20T09:55:19.258Z","level":"INFO","message":"Database connectivity test passed"}
{"timestamp":"2026-02-20T09:55:19.258Z","level":"INFO","message":"System initialization completed successfully","context":{"status":"healthy","checks":{"config":true,"environment":true,"database":true}}}
{"timestamp":"2026-02-20T09:55:19.348Z","level":"INFO","message":"Starting system initialization..."}
{"timestamp":"2026-02-20T09:55:19.355Z","level":"INFO","message":"Environment configuration loaded successfully","context":{"environment":"production","appUrl":"http://localhost:3000","databaseUrl":"pos**********************************************tcs","sslEnabled":false,"databaseEncrypted":false,"aiKeyConfigured":false,"aiKeyEncrypted":false,"alertThreshold":"10800000ms (3.0 hours)"}}
{"timestamp":"2026-02-20T09:55:19.403Z","level":"DEBUG","message":"New client connected to database pool"}
{"timestamp":"2026-02-20T09:55:19.409Z","level":"INFO","message":"Database connectivity test passed"}
{"timestamp":"2026-02-20T09:55:19.410Z","level":"INFO","message":"System initialization completed successfully","context":{"status":"healthy","checks":{"config":true,"environment":true,"database":true}}}
{"timestamp":"2026-02-20T09:55:19.543Z","level":"DEBUG","message":"New client connected to database pool"}
{"timestamp":"2026-02-20T09:55:19.547Z","level":"INFO","message":"Database connectivity test passed"}
{"timestamp":"2026-02-20T09:55:19.548Z","level":"INFO","message":"System initialization completed successfully","context":{"status":"healthy","checks":{"config":true,"environment":true,"database":true}}}
{"timestamp":"2026-02-20T09:55:19.680Z","level":"DEBUG","message":"New client connected to database pool"}
{"timestamp":"2026-02-20T09:55:19.686Z","level":"INFO","message":"Database connectivity test passed"}
{"timestamp":"2026-02-20T09:55:19.687Z","level":"INFO","message":"System initialization completed successfully","context":{"status":"healthy","checks":{"config":true,"environment":true,"database":true}}}
   Generating static pages (0/14) ...
{"timestamp":"2026-02-20T09:55:33.186Z","level":"INFO","message":"Starting system initialization..."}
{"timestamp":"2026-02-20T09:55:33.191Z","level":"INFO","message":"Environment configuration loaded successfully","context":{"environment":"production","appUrl":"http://localhost:3000","databaseUrl":"pos**********************************************tcs","sslEnabled":false,"databaseEncrypted":false,"aiKeyConfigured":false,"aiKeyEncrypted":false,"alertThreshold":"10800000ms (3.0 hours)"}}
   Generating static pages (3/14) 
   Generating static pages (6/14) 
{"timestamp":"2026-02-20T09:55:33.891Z","level":"DEBUG","message":"New client connected to database pool"}
{"timestamp":"2026-02-20T09:55:33.897Z","level":"INFO","message":"Database connectivity test passed"}
{"timestamp":"2026-02-20T09:55:33.898Z","level":"INFO","message":"System initialization completed successfully","context":{"status":"healthy","checks":{"config":true,"environment":true,"database":true}}}
   Generating static pages (10/14) 
 ✓ Generating static pages (14/14)
   Finalizing page optimization ...
   Collecting build traces ...

Route (app)                                 Size  First Load JS
┌ ○ /                                      165 B         106 kB
├ ○ /_not-found                            133 B         102 kB
├ ƒ /admin                               7.21 kB         123 kB
├ ƒ /admin/beds                          5.15 kB         121 kB
├ ƒ /admin/shifts                        2.26 kB         104 kB
├ ƒ /admin/stages                        3.53 kB         106 kB
├ ƒ /analytics                           9.59 kB         125 kB
├ ƒ /api/auth/logout                       133 B         102 kB
├ ƒ /api/bed-dashboard/undo                133 B         102 kB
├ ƒ /api/health                            133 B         102 kB
├ ƒ /change-password                     2.79 kB         115 kB
├ ƒ /dashboard                           12.9 kB         131 kB
├ ○ /login                               3.21 kB         115 kB
└ ƒ /supervisor                           4.4 kB         126 kB
+ First Load JS shared by all             102 kB
  ├ chunks/255-ebd51be49873d76c.js         46 kB
  ├ chunks/4bd1b696-c023c6e3521b1417.js  54.2 kB
  └ other shared chunks (total)          1.99 kB


ƒ Middleware                               40 kB

○  (Static)   prerendered as static content
ƒ  (Dynamic)  server-rendered on demand

