
> ewtcs@0.1.0 test
> vitest run --reporter=default


[1m[46m RUN [49m[22m [36mv3.2.4 [39m[90mC:/Users/aditi/OneDrive/Desktop/EWTCS/EWTCS[39m

 [32mΓ£ô[39m src/features/bed-dashboard/__tests__/useBedFilter.test.ts [2m([22m[2m7 tests[22m[2m)[22m[32m 80[2mms[22m[39m
 [32mΓ£ô[39m src/features/bed-dashboard/__tests__/useBedFilter-state.test.ts [2m([22m[2m11 tests[22m[2m)[22m[32m 104[2mms[22m[39m
 [32mΓ£ô[39m src/shared/lib/recovery-draft.test.ts [2m([22m[2m7 tests[22m[2m)[22m[32m 28[2mms[22m[39m
 [32mΓ£ô[39m src/features/bed-dashboard/__tests__/useMinuteTicker-performance-ac.test.ts [2m([22m[2m9 tests[22m[2m)[22m[32m 114[2mms[22m[39m
 [32mΓ£ô[39m src/features/bed-dashboard/__tests__/useElapsedTime.test.ts [2m([22m[2m21 tests[22m[2m)[22m[32m 180[2mms[22m[39m
 [32mΓ£ô[39m src/features/stage-management/components/StageFormModal.test.tsx [2m([22m[2m5 tests[22m[2m)[22m[32m 237[2mms[22m[39m
 [32mΓ£ô[39m src/features/stage-management/components/GlobalThresholdForm.test.tsx [2m([22m[2m5 tests[22m[2m)[22m[33m 668[2mms[22m[39m
   [33m[2mΓ£ô[22m[39m GlobalThresholdForm autosave[2m > [22mautosaves after debounce and shows brief confirmation [33m 461[2mms[22m[39m
 [32mΓ£ô[39m src/features/bed-dashboard/__tests__/bug-fixes-validation-sql.test.ts [2m([22m[2m20 tests[22m[2m)[22m[33m 807[2mms[22m[39m
   [33m[2mΓ£ô[22m[39m Bug 4 ΓÇô deactivateBed SQL: is_temporary must be cleared[2m > [22mmutations.deactivateBed SQL includes is_temporary = false [33m 735[2mms[22m[39m
 [32mΓ£ô[39m src/features/bed-dashboard/__tests__/useMinuteTicker-callbacks.test.ts [2m([22m[2m6 tests[22m[2m)[22m[32m 48[2mms[22m[39m
 [32mΓ£ô[39m src/features/bed-dashboard/__tests__/useMinuteTicker.test.ts [2m([22m[2m9 tests[22m[2m)[22m[32m 59[2mms[22m[39m
 [32mΓ£ô[39m src/features/bed-management/components/EditBedDialog.test.tsx [2m([22m[2m2 tests[22m[2m)[22m[33m 845[2mms[22m[39m
   [33m[2mΓ£ô[22m[39m EditBedDialog recovery[2m > [22mshows error and keeps draft when update fails [33m 652[2mms[22m[39m
 [32mΓ£ô[39m src/features/stage-management/components/RecoveryLogPanel.test.tsx [2m([22m[2m3 tests[22m[2m)[22m[33m 817[2mms[22m[39m
   [33m[2mΓ£ô[22m[39m RecoveryLogPanel[2m > [22mshows most recent recovery logs first [33m 601[2mms[22m[39m
 [32mΓ£ô[39m src/shared/hooks/useRecoveryDraftForm.test.tsx [2m([22m[2m4 tests[22m[2m)[22m[32m 64[2mms[22m[39m
 [32mΓ£ô[39m src/features/bed-dashboard/__tests__/heatmap-export.test.ts [2m([22m[2m7 tests[22m[2m)[22m[33m 555[2mms[22m[39m
   [33m[2mΓ£ô[22m[39m exportHeatmapAsPng ΓÇö AC5: exportable as image[2m > [22mtriggers a download click when called with valid data [33m 537[2mms[22m[39m
 [32mΓ£ô[39m src/features/bed-dashboard/__tests__/execute-stage-update.reliability.test.ts [2m([22m[2m3 tests[22m[2m)[22m[33m 792[2mms[22m[39m
   [33m[2mΓ£ô[22m[39m executeStageUpdate reliability[2m > [22mretries failed saves and alerts after retries are exhausted [33m 778[2mms[22m[39m
 [32mΓ£ô[39m src/features/bed-dashboard/__tests__/heatmap-cell.test.tsx [2m([22m[2m18 tests[22m[2m)[22m[33m 741[2mms[22m[39m
   [33m[2mΓ£ô[22m[39m HeatmapCell ΓÇö AC2: Color intensity[2m > [22mrenders with zero-volume class when count is 0 [33m 415[2mms[22m[39m
 [32mΓ£ô[39m src/features/bed-dashboard/__tests__/auditor-history-view-readonly.test.tsx [2m([22m[2m1 test[22m[2m)[22m[33m 905[2mms[22m[39m
   [33m[2mΓ£ô[22m[39m AuditorHistoryView audit mode read access[2m > [22mallows all read-only controls in audit mode [33m 902[2mms[22m[39m
 [32mΓ£ô[39m src/shared/lib/retry.test.ts [2m([22m[2m2 tests[22m[2m)[22m[32m 67[2mms[22m[39m
 [32mΓ£ô[39m src/shared/lib/request-ip.test.ts [2m([22m[2m4 tests[22m[2m)[22m[32m 16[2mms[22m[39m
 [32mΓ£ô[39m src/features/management-report/__tests__/stage-delay-actions.test.ts [2m([22m[2m7 tests[22m[2m)[22m[32m 22[2mms[22m[39m
 [32mΓ£ô[39m src/features/bed-dashboard/__tests__/los-trend-target.test.ts [2m([22m[2m12 tests[22m[2m)[22m[32m 20[2mms[22m[39m
 [32mΓ£ô[39m src/features/bed-dashboard/__tests__/utils.test.ts [2m([22m[2m39 tests[22m[2m)[22m[32m 17[2mms[22m[39m
 [32mΓ£ô[39m src/features/bed-dashboard/__tests__/los-summary.test.ts [2m([22m[2m10 tests[22m[2m)[22m[32m 20[2mms[22m[39m
 [32mΓ£ô[39m src/features/management-report/__tests__/delayed-patients-actions.test.ts [2m([22m[2m10 tests[22m[2m)[22m[32m 18[2mms[22m[39m
 [32mΓ£ô[39m src/features/bed-dashboard/__tests__/heatmap-actions.test.ts [2m([22m[2m11 tests[22m[2m)[22m[32m 19[2mms[22m[39m
 [32mΓ£ô[39m src/features/export/__tests__/csv-utils.test.ts [2m([22m[2m22 tests[22m[2m)[22m[32m 15[2mms[22m[39m
 [32mΓ£ô[39m src/features/bed-dashboard/__tests__/bug-fixes.test.ts [2m([22m[2m17 tests[22m[2m)[22m[32m 12[2mms[22m[39m
 [32mΓ£ô[39m src/features/management-report/__tests__/patient-count-actions.test.ts [2m([22m[2m7 tests[22m[2m)[22m[32m 14[2mms[22m[39m
 [32mΓ£ô[39m src/__tests__/perf-monitor.test.ts [2m([22m[2m9 tests[22m[2m)[22m[32m 17[2mms[22m[39m
 [32mΓ£ô[39m src/shared/lib/auth.test.ts [2m([22m[2m4 tests[22m[2m)[22m[32m 16[2mms[22m[39m
 [32mΓ£ô[39m src/features/management-report/__tests__/bed-performance-actions.test.ts [2m([22m[2m7 tests[22m[2m)[22m[32m 19[2mms[22m[39m
 [32mΓ£ô[39m src/features/export/__tests__/date-range.test.ts [2m([22m[2m16 tests[22m[2m)[22m[32m 25[2mms[22m[39m
 [32mΓ£ô[39m src/features/bed-dashboard/__tests__/BedCard.display.test.ts [2m([22m[2m13 tests[22m[2m)[22m[32m 12[2mms[22m[39m
 [32mΓ£ô[39m src/features/bed-dashboard/__tests__/attribution-aggregation-percentage.test.ts [2m([22m[2m12 tests[22m[2m)[22m[32m 14[2mms[22m[39m
 [32mΓ£ô[39m src/features/bed-dashboard/__tests__/utils-critical-stage.test.ts [2m([22m[2m17 tests[22m[2m)[22m[32m 13[2mms[22m[39m
 [32mΓ£ô[39m src/features/bed-dashboard/__tests__/attribution-ac5-edge-cases.test.ts [2m([22m[2m13 tests[22m[2m)[22m[32m 14[2mms[22m[39m
 [32mΓ£ô[39m src/features/management-report/__tests__/signoff-actions.test.ts [2m([22m[2m9 tests[22m[2m)[22m[32m 19[2mms[22m[39m
 [32mΓ£ô[39m src/features/bed-dashboard/__tests__/US-3.4.attribution.test.ts [2m([22m[2m28 tests[22m[2m)[22m[32m 18[2mms[22m[39m
 [32mΓ£ô[39m src/features/shift-management/__tests__/shift-analytics-actions.test.ts [2m([22m[2m10 tests[22m[2m)[22m[32m 19[2mms[22m[39m
 [32mΓ£ô[39m src/features/bed-dashboard/__tests__/BedCard-display-ac-validation.test.ts [2m([22m[2m16 tests[22m[2m)[22m[32m 11[2mms[22m[39m
 [32mΓ£ô[39m src/features/bed-dashboard/__tests__/utils-delay-and-occupancy.test.ts [2m([22m[2m19 tests[22m[2m)[22m[32m 14[2mms[22m[39m
 [32mΓ£ô[39m src/features/bed-dashboard/__tests__/utils-bed-statistics.test.ts [2m([22m[2m9 tests[22m[2m)[22m[32m 8[2mms[22m[39m
 [32mΓ£ô[39m src/__tests__/middleware.test.ts [2m([22m[2m2 tests[22m[2m)[22m[32m 7[2mms[22m[39m
 [32mΓ£ô[39m src/features/bed-dashboard/__tests__/auditor-history-actions.test.ts [2m([22m[2m4 tests[22m[2m)[22m[32m 11[2mms[22m[39m
[90mstdout[2m | src/features/bed-dashboard/__tests__/analytics-read-access.test.ts[2m > [22m[2manalytics read access[2m > [22m[2mallows auditor on stage duration stats
[22m[39m{"timestamp":"2026-02-20T20:47:56.573Z","level":"INFO","message":"Fetched stage duration statistics","context":{"userId":"auditor-1","stageCount":0}}

[90mstdout[2m | src/features/bed-dashboard/__tests__/analytics-read-access.test.ts[2m > [22m[2manalytics read access[2m > [22m[2mallows auditor on analytics summary
[22m[39m{"timestamp":"2026-02-20T20:47:56.580Z","level":"INFO","message":"Fetched analytics summary","context":{"userId":"auditor-1"}}

 [32mΓ£ô[39m src/features/bed-dashboard/__tests__/analytics-read-access.test.ts [2m([22m[2m2 tests[22m[2m)[22m[32m 10[2mms[22m[39m
 [32mΓ£ô[39m src/features/bed-dashboard/__tests__/csv-generators.test.ts [2m([22m[2m2 tests[22m[2m)[22m[32m 7[2mms[22m[39m

[2m Test Files [22m [1m[32m46 passed[39m[22m[90m (46)[39m
[2m      Tests [22m [1m[32m471 passed[39m[22m[90m (471)[39m
[2m   Start at [22m 02:17:13
[2m   Duration [22m 45.13s[2m (transform 9.00s, setup 124.97s, collect 38.87s, tests 7.54s, environment 253.83s, prepare 48.40s)[22m

